08:11:06 **** Build of configuration Debug for project 0007TestProject ****
make -j8 all 
arm-none-eabi-gcc -mcpu=cortex-m4 -g3 -DDEBUG -c -x assembler-with-cpp -MMD -MP -MF"Startup/startup_stm32l476rgtx.d" -MT"Startup/startup_stm32l476rgtx.o" --specs=nano.specs -mfloat-abi=soft -mthumb -o "Startup/startup_stm32l476rgtx.o" "../Startup/startup_stm32l476rgtx.s"
arm-none-eabi-gcc "../Src/main.c" -mcpu=cortex-m4 -std=gnu11 -g3 -DDEBUG -DSTM32L4 -DSTM32 -DNUCLEO_L476RG -DSTM32L476RGTx -c -I../Inc -O0 -ffunction-sections -fdata-sections -Wall -fstack-usage -fcyclomatic-complexity -MMD -MP -MF"Src/main.d" -MT"Src/main.o" --specs=nano.specs -mfloat-abi=soft -mthumb -o "Src/main.o"
arm-none-eabi-gcc "../Src/syscalls.c" -mcpu=cortex-m4 -std=gnu11 -g3 -DDEBUG -DSTM32L4 -DSTM32 -DNUCLEO_L476RG -DSTM32L476RGTx -c -I../Inc -O0 -ffunction-sections -fdata-sections -Wall -fstack-usage -fcyclomatic-complexity -MMD -MP -MF"Src/syscalls.d" -MT"Src/syscalls.o" --specs=nano.specs -mfloat-abi=soft -mthumb -o "Src/syscalls.o"
arm-none-eabi-gcc "../Src/sysmem.c" -mcpu=cortex-m4 -std=gnu11 -g3 -DDEBUG -DSTM32L4 -DSTM32 -DNUCLEO_L476RG -DSTM32L476RGTx -c -I../Inc -O0 -ffunction-sections -fdata-sections -Wall -fstack-usage -fcyclomatic-complexity -MMD -MP -MF"Src/sysmem.d" -MT"Src/sysmem.o" --specs=nano.specs -mfloat-abi=soft -mthumb -o "Src/sysmem.o"
arm-none-eabi-gcc -o "0007TestProject.elf" @"objects.list"   -mcpu=cortex-m4 -T"D:\embaded-c\my_workspace\target\0007TestProject\STM32L476RGTX_FLASH.ld" --specs=nosys.specs -Wl,-Map="0007TestProject.map" -Wl,--gc-sections -static --specs=nano.specs -mfloat-abi=soft -mthumb -Wl,--start-group -lc -lm -Wl,--end-group
Finished building target: 0007TestProject.elf
 
arm-none-eabi-size  0007TestProject.elf 
arm-none-eabi-objdump -h -S 0007TestProject.elf  > "0007TestProject.list"
   text	   data	    bss	    dec	    hex	filename
    648	      0	   1568	   2216	    8a8	0007TestProject.elf
Finished building: default.size.stdout
 
Finished building: 0007TestProject.list
 

08:11:07 Build Finished. 0 errors, 0 warnings. (took 634ms)

