13:50:12 **** Incremental Build of configuration Debug for project 007button_Count ****
make -j8 all 
arm-none-eabi-gcc "../Src/main.c" -mcpu=cortex-m4 -std=gnu11 -g3 -DDEBUG -DSTM32L4 -DSTM32 -DNUCLEO_L476RG -DSTM32L476RGTx -c -I../Inc -O0 -ffunction-sections -fdata-sections -Wall -fstack-usage -fcyclomatic-complexity -MMD -MP -MF"Src/main.d" -MT"Src/main.o" --specs=nano.specs -mfpu=fpv4-sp-d16 -mfloat-abi=hard -mthumb -o "Src/main.o"
arm-none-eabi-gcc -o "007button_Count.elf" @"objects.list"   -mcpu=cortex-m4 -T"D:\embaded-c\my_workspace\target\button_isro\STM32L476RGTX_FLASH.ld" --specs=nosys.specs -Wl,-Map="007button_Count.map" -Wl,--gc-sections -static --specs=nano.specs -mfpu=fpv4-sp-d16 -mfloat-abi=hard -mthumb -Wl,--start-group -lc -lm -Wl,--end-group
Finished building target: 007button_Count.elf
 
arm-none-eabi-size  007button_Count.elf 
arm-none-eabi-objdump -h -S 007button_Count.elf  > "007button_Count.list"
   text	   data	    bss	    dec	    hex	filename
    880	     24	   1568	   2472	    9a8	007button_Count.elf
Finished building: default.size.stdout
 
Finished building: 007button_Count.list
 

13:50:12 Build Finished. 0 errors, 0 warnings. (took 564ms)

