15:09:18 **** Incremental Build of configuration Debug for project hal_servo_1 ****
make -j8 all 
arm-none-eabi-gcc "../Core/Src/main.c" -mcpu=cortex-m4 -std=gnu11 -g3 -DDEBUG -DUSE_HAL_DRIVER -DSTM32L476xx -c -I../Core/Inc -I../Drivers/STM32L4xx_HAL_Driver/Inc -I../Drivers/STM32L4xx_HAL_Driver/Inc/Legacy -I../Drivers/CMSIS/Device/ST/STM32L4xx/Include -I../Drivers/CMSIS/Include -O0 -ffunction-sections -fdata-sections -Wall -fstack-usage -fcyclomatic-complexity -MMD -MP -MF"Core/Src/main.d" -MT"Core/Src/main.o" --specs=nano.specs -mfpu=fpv4-sp-d16 -mfloat-abi=hard -mthumb -o "Core/Src/main.o"
arm-none-eabi-gcc -o "hal_servo_1.elf" @"objects.list"   -mcpu=cortex-m4 -T"D:\embaded-c\my_workspace\target\hal_servo_1\STM32L476RGTX_FLASH.ld" --specs=nosys.specs -Wl,-Map="hal_servo_1.map" -Wl,--gc-sections -static --specs=nano.specs -mfpu=fpv4-sp-d16 -mfloat-abi=hard -mthumb -Wl,--start-group -lc -lm -Wl,--end-group
Finished building target: hal_servo_1.elf
 
arm-none-eabi-size  hal_servo_1.elf 
arm-none-eabi-objdump -h -S hal_servo_1.elf  > "hal_servo_1.list"
   text	   data	    bss	    dec	    hex	filename
   9804	     12	   1644	  11460	   2cc4	hal_servo_1.elf
Finished building: default.size.stdout
 
Finished building: hal_servo_1.list
 

15:09:20 Build Finished. 0 errors, 0 warnings. (took 1s.154ms)

