17:06:41 **** Incremental Build of configuration Debug for project led_on ****
make -j8 all 
arm-none-eabi-gcc "../Src/main.c" -mcpu=cortex-m4 -std=gnu11 -g3 -DDEBUG -DSTM32L4 -DSTM32 -DNUCLEO_L476RG -DSTM32L476RGTx -c -I../Inc -O0 -ffunction-sections -fdata-sections -Wall -fstack-usage -fcyclomatic-complexity -MMD -MP -MF"Src/main.d" -MT"Src/main.o" --specs=nano.specs -mfpu=fpv4-sp-d16 -mfloat-abi=hard -mthumb -o "Src/main.o"
arm-none-eabi-gcc -o "led_on.elf" @"objects.list"   -mcpu=cortex-m4 -T"D:\embaded-c\my_workspace\target\led_on\STM32L476RGTX_FLASH.ld" --specs=nosys.specs -Wl,-Map="led_on.map" -Wl,--gc-sections -static --specs=nano.specs -mfpu=fpv4-sp-d16 -mfloat-abi=hard -mthumb -Wl,--start-group -lc -lm -Wl,--end-group
Finished building target: led_on.elf
 
arm-none-eabi-size  led_on.elf 
arm-none-eabi-objdump -h -S led_on.elf  > "led_on.list"
   text	   data	    bss	    dec	    hex	filename
    756	      0	   1568	   2324	    914	led_on.elf
Finished building: default.size.stdout
 
Finished building: led_on.list
 

17:06:41 Build Finished. 0 errors, 0 warnings. (took 407ms)

