12:24:34 **** Incremental Build of configuration Debug for project servo_hal_1 ****
make -j8 all 
arm-none-eabi-gcc "../Core/Src/main.c" -mcpu=cortex-m4 -std=gnu11 -g3 -DDEBUG -DUSE_HAL_DRIVER -DSTM32L476xx -c -I../Core/Inc -I../Drivers/STM32L4xx_HAL_Driver/Inc -I../Drivers/STM32L4xx_HAL_Driver/Inc/Legacy -I../Drivers/CMSIS/Device/ST/STM32L4xx/Include -I../Drivers/CMSIS/Include -O0 -ffunction-sections -fdata-sections -Wall -fstack-usage -fcyclomatic-complexity -MMD -MP -MF"Core/Src/main.d" -MT"Core/Src/main.o" --specs=nano.specs -mfpu=fpv4-sp-d16 -mfloat-abi=hard -mthumb -o "Core/Src/main.o"
arm-none-eabi-gcc -o "servo_hal_1.elf" @"objects.list"   -mcpu=cortex-m4 -T"D:\embaded-c\my_workspace\target\servo_hal_1\STM32L476RGTX_FLASH.ld" --specs=nosys.specs -Wl,-Map="servo_hal_1.map" -Wl,--gc-sections -static --specs=nano.specs -mfpu=fpv4-sp-d16 -mfloat-abi=hard -mthumb -Wl,--start-group -lc -lm -Wl,--end-group
Finished building target: servo_hal_1.elf
 
arm-none-eabi-size  servo_hal_1.elf 
arm-none-eabi-objdump -h -S servo_hal_1.elf  > "servo_hal_1.list"
   text	   data	    bss	    dec	    hex	filename
  10748	     12	   1644	  12404	   3074	servo_hal_1.elf
Finished building: default.size.stdout
 
Finished building: servo_hal_1.list
 

12:24:34 Build Finished. 0 errors, 0 warnings. (took 972ms)

